// Jest Snapshot v1, https://goo.gl/fbAQLP

exports[`TodoAddComponent should match snapshot 1`] = `
<div
  id="root1"
>
  <mat-form-field
    class="mat-mdc-form-field field-add-todo mat-mdc-form-field-type-mat-input mat-mdc-form-field-has-icon-prefix mat-mdc-form-field-has-icon-suffix mat-form-field-no-animations mat-form-field-appearance-fill mat-primary ng-untouched ng-pristine ng-invalid"
  >
    
    <div
      class="mat-mdc-text-field-wrapper mdc-text-field mdc-text-field--filled mdc-text-field--no-label"
    >
      <div
        class="mat-mdc-form-field-focus-overlay"
      />
      
      <div
        class="mat-mdc-form-field-flex"
      >
        
        <div
          class="mat-mdc-form-field-icon-prefix"
        >
          <button
            class="mdc-icon-button mat-mdc-icon-button _mat-animation-noopable mat-unthemed mat-mdc-button-base"
            mat-button-ripple-uninitialized=""
            mat-icon-button=""
            maticonprefix=""
          >
            <span
              class="mat-mdc-button-persistent-ripple mdc-icon-button__ripple"
            />
            <mat-icon
              aria-hidden="true"
              class="mat-icon notranslate toggle-icon no-completed material-icons mat-ligature-font mat-icon-no-color"
              data-mat-icon-type="font"
              role="img"
            >
              <span
                class="material-symbols-outlined"
              >
                 toggle_off 
              </span>
            </mat-icon>
            
            
            <span
              class="mat-mdc-focus-indicator"
            />
            <span
              class="mat-mdc-button-touch-target"
            />
          </button>
        </div>
        
        
        <div
          class="mat-mdc-form-field-infix"
        >
          
          
          
          <input
            aria-required="true"
            class="mat-mdc-input-element input-create mat-mdc-form-field-input-control mdc-text-field__input ng-untouched ng-pristine ng-invalid cdk-text-field-autofill-monitored"
            matinput=""
            placeholder="What do you want to do?"
            required=""
          />
        </div>
        
        <div
          class="mat-mdc-form-field-icon-suffix"
        >
          <button
            class="add-button mdc-icon-button mat-mdc-icon-button _mat-animation-noopable mat-unthemed mat-mdc-button-base"
            mat-button-ripple-uninitialized=""
            mat-icon-button=""
            maticonsuffix=""
          >
            <span
              class="mat-mdc-button-persistent-ripple mdc-icon-button__ripple"
            />
            <mat-icon
              aria-hidden="true"
              class="mat-icon notranslate material-symbols-outlined add-icon material-icons mat-ligature-font mat-icon-no-color"
              data-mat-icon-type="font"
              role="img"
            >
               add_outline 
            </mat-icon>
            <span
              class="mat-mdc-focus-indicator"
            />
            <span
              class="mat-mdc-button-touch-target"
            />
          </button>
        </div>
        
      </div>
      <div
        class="mdc-line-ripple mdc-line-ripple--deactivating"
        matformfieldlineripple=""
      />
      
    </div>
    <div
      class="mat-mdc-form-field-subscript-wrapper mat-mdc-form-field-bottom-align"
    >
      
      <div
        class="mat-mdc-form-field-hint-wrapper ng-trigger ng-trigger-transitionMessages"
        style="opacity: 1; transform: translateY(0%);"
      >
        
        <div
          class="mat-mdc-form-field-hint-spacer"
        />
      </div>
      
    </div>
  </mat-form-field>
</div>
`;
